
Waiting on okf_full_demo_setup_runtime_tables_20260903T222531Z ... Current status: DONE
["Created test-project-0728-467323.okf_rfc_demo.publications\n"
,
"Created test-project-0728-467323.okf_rfc_demo.deployments\n"
,
"Created test-project-0728-467323.okf_rfc_demo.deployment_heads\n"
,
"Created test-project-0728-467323.okf_rfc_demo.deployment_heads_history\n"
,
"Created test-project-0728-467323.okf_rfc_demo.concept_versions\n"
,
"Created test-project-0728-467323.okf_rfc_demo.snapshot_membership\n"
,
"Created test-project-0728-467323.okf_rfc_demo.relationship_assertions\n"
,
"Created test-project-0728-467323.okf_rfc_demo.context_ref_bindings\n"
,
"Created test-project-0728-467323.okf_rfc_demo.catalog_ownership\n"
,
"Created test-project-0728-467323.okf_rfc_demo.legacy_context_ref_bindings\n"
,
"Created test-project-0728-467323.okf_rfc_demo.demo_evidence\n"
,
"Created test-project-0728-467323.okf_rfc_demo.context_ref_resolution\n"
,
"Number of affected rows: 3\n"
,
"Number of affected rows: 3\n"
,
"Number of affected rows: 2\n"
]
